// Jest Snapshot v1, https://goo.gl/fbAQLP

exports[`login Should have the expected html structure 1`] = `
<div
  class="login_bg"
>
  <div
    class="box"
  >
    <div
      class="logo"
    >
      <img
        alt=""
        src="../../assets/logo.png"
      />
    </div>
     
    <div
      class="box-left"
    >
      <img
        alt=""
        src="../../assets/login_left.png"
      />
    </div>
     
    <div
      class="box-right"
    >
      <div
        class="title"
      >
        WLC单点登陆登陆
      </div>
       
      <div
        class="user"
      >
        <span>
          账号
        </span>
         
        <div
          class="input"
        >
          <input
            placeholder="请输入拼音缩写"
            type="text"
          />
        </div>
      </div>
       
      <div
        class="qrcode"
      >
        <div
          class="input"
        >
          <input
            placeholder="请输入拼音缩写"
            type="text"
          />
        </div>
         
        <div
          class="qrcode_btn"
        >
          
                    钉钉验证码
                
        </div>
      </div>
       
      <div
        class="btn"
      >
        
                登录
            
      </div>
    </div>
  </div>
</div>
`;
